// Vitest Snapshot v1, https://vitest.dev/guide/snapshot.html

exports[`PriceTag > applies strike-through style when requested 1`] = `
<span
  aria-label="Original price $99.99"
  style={
    {
      "textDecoration": "line-through",
    }
  }
>
  $99.99
</span>
`;

exports[`PriceTag > renders formatted currency 1`] = `
<span
  aria-label="Current price 123,45 €"
>
  123,45 €
</span>
`;
